Mon Nov 27 12:32:07 2023
Windows-10-10.0.19045
Ren'Py 8.1.1.23060707
 

Bootstrap to the start of init.init. took 0.03s
Early init. took 0.00s
Loader init. took 0.03s
Loading error handling. took 0.03s
Loading script. took 0.80s
Loading save slot metadata. took 0.04s
Loading persistent. took 0.00s

File "game/characters.rpy", line 118: Line is indented, but the preceding ATL statement does not expect a block. Please check this line's indentation. You may have forgotten a colon (:).
    xpos 0.54 ypos 0.91
    ^
DPI scale factor: 1.000000
nvdrs: Loaded, about to disable thread optimizations.
nvdrs: b"Couldn't load nvlib." (can be ignored)
Interface start. took 0.13s

Initializing gl2 renderer:
primary display bounds: (0, 0, 1920, 1080)
swap interval: 1 frames
Windowed mode.
Vendor: "b'ATI Technologies Inc.'"
Renderer: b'AMD Radeon RX 6700 XT'
Version: b'4.6.0 Compatibility Profile Context 23.5.1.230512'
Display Info: None
Screen sizes: virtual=(1920, 1080) physical=(1920, 1017) drawable=(1920, 1017)
Maximum texture size: 4096x4096
controller: '030000005e040000ff02000000007200' 'Controller (Xbox One For Windows)' 1
controller: '030000005e040000ff02000000007200' 'Controller (Xbox One For Windows)' 1
Resetting cache.
Bootstrap to the start of init.init. took 30.21s
Early init. took 0.00s
Loader init. took 0.03s
Loading error handling. took 0.02s
Loading script. took 0.71s
Loading save slot metadata. took 0.02s
Loading persistent. took 0.00s
Running init code. took 0.09s
Loading analysis data. took 0.01s
Analyze and compile ATL. took 0.02s
Reloading save slot metadata. took 0.09s
Index archives took 0.00s
Backing up script files to 'C:\\Users\\james\\AppData\\Roaming/RenPy/backups\\RachaBardDemo':
Dump and make backups. took 0.07s
Cleaning cache. took 0.00s
Making clean stores. took 0.00s
Initial gc. took 0.02s
DPI scale factor: 1.000000
nvdrs: Loaded, about to disable thread optimizations.
nvdrs: b"Couldn't load nvlib." (can be ignored)
Creating interface object. took 0.00s
Cleaning stores took 0.00s
Init translation took 0.02s
Build styles took 0.00s
Load screen analysis took 0.00s
Analyze screens took 0.01s
Save screen analysis took 0.01s
Prepare screens took 0.04s
Save pyanalysis. took 0.01s
Save bytecode. took 0.01s
Running _start took 0.00s
Performance test:
Interface start. took 0.03s

Initializing gl2 renderer:
primary display bounds: (0, 0, 1920, 1080)
swap interval: 1 frames
Windowed mode.
Vendor: "b'ATI Technologies Inc.'"
Renderer: b'AMD Radeon RX 6700 XT'
Version: b'4.6.0 Compatibility Profile Context 23.5.1.230512'
Display Info: None
Screen sizes: virtual=(1920, 1080) physical=(1920, 1017) drawable=(1920, 1017)
Maximum texture size: 4096x4096
controller: '030000005e040000ff02000000007200' 'Controller (Xbox One For Windows)' 1

Full traceback:
  File "game/script.rpy", line 26, in script call
    call stb1_page0
  File "game/stb1_page0.rpy", line 7, in script
    n "As Deanna came to, she first sensed the rainforest’s song of chirping crickets and chattering cicadas."
  File "D:\RenPy\renpy-8.1.1-sdk\renpy\ast.py", line 898, in execute
    statement_name(stmt_name)
  File "D:\RenPy\renpy-8.1.1-sdk\renpy\ast.py", line 47, in statement_name
    i(name)
  File "renpy/common/000window.rpy", line 114, in _window_auto_callback
    _window_show(auto=True)
  File "renpy/common/000window.rpy", line 69, in _window_show
    renpy.with_statement(trans)
  File "D:\RenPy\renpy-8.1.1-sdk\renpy\exports.py", line 1757, in with_statement
    return renpy.game.interface.do_with(trans, paired, clear=clear)
  File "D:\RenPy\renpy-8.1.1-sdk\renpy\display\core.py", line 2975, in do_with
    return self.interact(trans_pause=True,
  File "D:\RenPy\renpy-8.1.1-sdk\renpy\display\core.py", line 3579, in interact
    repeat, rv = self.interact_core(preloads=preloads, trans_pause=trans_pause, pause=pause, pause_start=pause_start, pause_modal=pause_modal, **kwargs) # type: ignore
  File "D:\RenPy\renpy-8.1.1-sdk\renpy\display\core.py", line 4172, in interact_core
    self.draw_screen(root_widget, fullscreen_video, (not fullscreen_video) or video_frame_drawn)
  File "D:\RenPy\renpy-8.1.1-sdk\renpy\display\core.py", line 2779, in draw_screen
    surftree = renpy.display.render.render_screen(
  File "render.pyx", line 492, in renpy.display.render.render_screen
  File "render.pyx", line 266, in renpy.display.render.render
  File "D:\RenPy\renpy-8.1.1-sdk\renpy\display\layout.py", line 886, in render
    surf = render(child, width, height, cst, cat)
  File "render.pyx", line 170, in renpy.display.render.render
  File "render.pyx", line 266, in renpy.display.render.render
  File "D:\RenPy\renpy-8.1.1-sdk\renpy\display\transition.py", line 379, in render
    top = render(self.new_widget, width, height, st, at)
  File "render.pyx", line 170, in renpy.display.render.render
  File "render.pyx", line 266, in renpy.display.render.render
  File "D:\RenPy\renpy-8.1.1-sdk\renpy\display\layout.py", line 886, in render
    surf = render(child, width, height, cst, cat)
  File "render.pyx", line 170, in renpy.display.render.render
  File "render.pyx", line 266, in renpy.display.render.render
  File "D:\RenPy\renpy-8.1.1-sdk\renpy\display\layout.py", line 886, in render
    surf = render(child, width, height, cst, cat)
  File "render.pyx", line 170, in renpy.display.render.render
  File "render.pyx", line 266, in renpy.display.render.render
  File "D:\RenPy\renpy-8.1.1-sdk\renpy\display\screen.py", line 731, in render
    child = renpy.display.render.render(self.child, w, h, st, at)
  File "render.pyx", line 170, in renpy.display.render.render
  File "render.pyx", line 266, in renpy.display.render.render
  File "D:\RenPy\renpy-8.1.1-sdk\renpy\display\layout.py", line 886, in render
    surf = render(child, width, height, cst, cat)
  File "render.pyx", line 170, in renpy.display.render.render
  File "render.pyx", line 266, in renpy.display.render.render
  File "D:\RenPy\renpy-8.1.1-sdk\renpy\display\layout.py", line 1371, in render
    back = render(style.background, bw, bh, st, at)
  File "render.pyx", line 170, in renpy.display.render.render
  File "render.pyx", line 266, in renpy.display.render.render
  File "D:\RenPy\renpy-8.1.1-sdk\renpy\display\im.py", line 676, in render
    return cache.get(self, render=True)
  File "D:\RenPy\renpy-8.1.1-sdk\renpy\display\im.py", line 330, in get
    surf = image.load()
  File "D:\RenPy\renpy-8.1.1-sdk\renpy\display\im.py", line 803, in load
    raise e
  File "D:\RenPy\renpy-8.1.1-sdk\renpy\display\im.py", line 757, in load
    filelike = renpy.loader.load(self.filename, directory="images")
  File "D:\RenPy\renpy-8.1.1-sdk\renpy\loader.py", line 833, in load
    raise IOError("Couldn't find file '%s'." % name)
OSError: Couldn't find file 'images/vines_textbox_no_bg.png'.

While loading <renpy.display.im.Image object ('images/vines_textbox_no_bg.png') at 0x0000000004689340>:
  File "game/script.rpy", line 26, in script call
    call stb1_page0
  File "game/stb1_page0.rpy", line 7, in script
    n "As Deanna came to, she first sensed the rainforest’s song of chirping crickets and chattering cicadas."
  File "renpy/common/000window.rpy", line 114, in _window_auto_callback
    _window_show(auto=True)
  File "renpy/common/000window.rpy", line 69, in _window_show
    renpy.with_statement(trans)
OSError: Couldn't find file 'images/vines_textbox_no_bg.png'.
While handling exception:
Traceback (most recent call last):
  File "D:\RenPy\renpy-8.1.1-sdk\renpy\execution.py", line 596, in run
    node.execute()
  File "D:\RenPy\renpy-8.1.1-sdk\renpy\ast.py", line 898, in execute
    statement_name(stmt_name)
  File "D:\RenPy\renpy-8.1.1-sdk\renpy\ast.py", line 47, in statement_name
    i(name)
  File "renpy/common/000window.rpy", line 114, in _window_auto_callback
    _window_show(auto=True)
  File "renpy/common/000window.rpy", line 69, in _window_show
    renpy.with_statement(trans)
  File "D:\RenPy\renpy-8.1.1-sdk\renpy\exports.py", line 1757, in with_statement
    return renpy.game.interface.do_with(trans, paired, clear=clear)
  File "D:\RenPy\renpy-8.1.1-sdk\renpy\display\core.py", line 2975, in do_with
    return self.interact(trans_pause=True,
  File "D:\RenPy\renpy-8.1.1-sdk\renpy\display\core.py", line 3579, in interact
    repeat, rv = self.interact_core(preloads=preloads, trans_pause=trans_pause, pause=pause, pause_start=pause_start, pause_modal=pause_modal, **kwargs) # type: ignore
  File "D:\RenPy\renpy-8.1.1-sdk\renpy\display\core.py", line 4172, in interact_core
    self.draw_screen(root_widget, fullscreen_video, (not fullscreen_video) or video_frame_drawn)
  File "D:\RenPy\renpy-8.1.1-sdk\renpy\display\core.py", line 2779, in draw_screen
    surftree = renpy.display.render.render_screen(
  File "render.pyx", line 492, in renpy.display.render.render_screen
  File "render.pyx", line 266, in renpy.display.render.render
  File "D:\RenPy\renpy-8.1.1-sdk\renpy\display\layout.py", line 886, in render
    surf = render(child, width, height, cst, cat)
  File "render.pyx", line 170, in renpy.display.render.render
  File "render.pyx", line 266, in renpy.display.render.render
  File "D:\RenPy\renpy-8.1.1-sdk\renpy\display\transition.py", line 379, in render
    top = render(self.new_widget, width, height, st, at)
  File "render.pyx", line 170, in renpy.display.render.render
  File "render.pyx", line 266, in renpy.display.render.render
  File "D:\RenPy\renpy-8.1.1-sdk\renpy\display\layout.py", line 886, in render
    surf = render(child, width, height, cst, cat)
  File "render.pyx", line 170, in renpy.display.render.render
  File "render.pyx", line 266, in renpy.display.render.render
  File "D:\RenPy\renpy-8.1.1-sdk\renpy\display\layout.py", line 886, in render
    surf = render(child, width, height, cst, cat)
  File "render.pyx", line 170, in renpy.display.render.render
  File "render.pyx", line 266, in renpy.display.render.render
  File "D:\RenPy\renpy-8.1.1-sdk\renpy\display\screen.py", line 731, in render
    child = renpy.display.render.render(self.child, w, h, st, at)
  File "render.pyx", line 170, in renpy.display.render.render
  File "render.pyx", line 266, in renpy.display.render.render
  File "D:\RenPy\renpy-8.1.1-sdk\renpy\display\layout.py", line 886, in render
    surf = render(child, width, height, cst, cat)
  File "render.pyx", line 170, in renpy.display.render.render
  File "render.pyx", line 266, in renpy.display.render.render
  File "D:\RenPy\renpy-8.1.1-sdk\renpy\display\layout.py", line 1371, in render
    back = render(style.background, bw, bh, st, at)
  File "render.pyx", line 170, in renpy.display.render.render
  File "render.pyx", line 266, in renpy.display.render.render
  File "D:\RenPy\renpy-8.1.1-sdk\renpy\display\im.py", line 676, in render
    return cache.get(self, render=True)
  File "D:\RenPy\renpy-8.1.1-sdk\renpy\display\im.py", line 330, in get
    surf = image.load()
  File "D:\RenPy\renpy-8.1.1-sdk\renpy\display\im.py", line 803, in load
    raise e
  File "D:\RenPy\renpy-8.1.1-sdk\renpy\display\im.py", line 757, in load
    filelike = renpy.loader.load(self.filename, directory="images")
  File "D:\RenPy\renpy-8.1.1-sdk\renpy\loader.py", line 833, in load
    raise IOError("Couldn't find file '%s'." % name)
OSError: Couldn't find file 'images/vines_textbox_no_bg.png'.

During handling of the above exception, another exception occurred:

Traceback (most recent call last):
  File "D:\RenPy\renpy-8.1.1-sdk\renpy\display\error.py", line 140, in report_exception
    renpy.game.invoke_in_new_context(
  File "D:\RenPy\renpy-8.1.1-sdk\renpy\game.py", line 291, in invoke_in_new_context
    return callable(*args, **kwargs)
  File "D:\RenPy\renpy-8.1.1-sdk\renpy\display\error.py", line 48, in call_exception_screen
    return renpy.ui.interact(mouse="screen", type="screen", suppress_overlay=True, suppress_underlay=True)
  File "D:\RenPy\renpy-8.1.1-sdk\renpy\ui.py", line 299, in interact
    rv = renpy.game.interface.interact(roll_forward=roll_forward, **kwargs)
  File "D:\RenPy\renpy-8.1.1-sdk\renpy\display\core.py", line 3579, in interact
    repeat, rv = self.interact_core(preloads=preloads, trans_pause=trans_pause, pause=pause, pause_start=pause_start, pause_modal=pause_modal, **kwargs) # type: ignore
  File "D:\RenPy\renpy-8.1.1-sdk\renpy\display\core.py", line 4172, in interact_core
    self.draw_screen(root_widget, fullscreen_video, (not fullscreen_video) or video_frame_drawn)
  File "D:\RenPy\renpy-8.1.1-sdk\renpy\display\core.py", line 2779, in draw_screen
    surftree = renpy.display.render.render_screen(
  File "render.pyx", line 492, in renpy.display.render.render_screen
  File "render.pyx", line 266, in renpy.display.render.render
  File "D:\RenPy\renpy-8.1.1-sdk\renpy\display\layout.py", line 886, in render
    surf = render(child, width, height, cst, cat)
  File "render.pyx", line 170, in renpy.display.render.render
  File "render.pyx", line 266, in renpy.display.render.render
  File "D:\RenPy\renpy-8.1.1-sdk\renpy\display\layout.py", line 886, in render
    surf = render(child, width, height, cst, cat)
  File "render.pyx", line 170, in renpy.display.render.render
  File "render.pyx", line 266, in renpy.display.render.render
  File "D:\RenPy\renpy-8.1.1-sdk\renpy\display\layout.py", line 886, in render
    surf = render(child, width, height, cst, cat)
  File "render.pyx", line 170, in renpy.display.render.render
  File "render.pyx", line 266, in renpy.display.render.render
  File "D:\RenPy\renpy-8.1.1-sdk\renpy\display\screen.py", line 731, in render
    child = renpy.display.render.render(self.child, w, h, st, at)
  File "render.pyx", line 170, in renpy.display.render.render
  File "render.pyx", line 266, in renpy.display.render.render
  File "D:\RenPy\renpy-8.1.1-sdk\renpy\display\layout.py", line 886, in render
    surf = render(child, width, height, cst, cat)
  File "render.pyx", line 170, in renpy.display.render.render
  File "render.pyx", line 266, in renpy.display.render.render
  File "D:\RenPy\renpy-8.1.1-sdk\renpy\display\layout.py", line 1371, in render
    back = render(style.background, bw, bh, st, at)
  File "render.pyx", line 170, in renpy.display.render.render
  File "render.pyx", line 266, in renpy.display.render.render
  File "D:\RenPy\renpy-8.1.1-sdk\renpy\display\im.py", line 676, in render
    return cache.get(self, render=True)
  File "D:\RenPy\renpy-8.1.1-sdk\renpy\display\im.py", line 330, in get
    surf = image.load()
  File "D:\RenPy\renpy-8.1.1-sdk\renpy\display\im.py", line 803, in load
    raise e
  File "D:\RenPy\renpy-8.1.1-sdk\renpy\display\im.py", line 757, in load
    filelike = renpy.loader.load(self.filename, directory="images")
  File "D:\RenPy\renpy-8.1.1-sdk\renpy\loader.py", line 833, in load
    raise IOError("Couldn't find file '%s'." % name)
OSError: Couldn't find file 'images/vines_textbox_no_bg.png'.

Full traceback:
  File "D:\RenPy\renpy-8.1.1-sdk\renpy\bootstrap.py", line 275, in bootstrap
    renpy.main.main()
  File "D:\RenPy\renpy-8.1.1-sdk\renpy\main.py", line 670, in main
    run(restart)
  File "D:\RenPy\renpy-8.1.1-sdk\renpy\main.py", line 144, in run
    renpy.execution.run_context(True)
  File "D:\RenPy\renpy-8.1.1-sdk\renpy\execution.py", line 953, in run_context
    context.run()
  File "game/script.rpy", line 26, in script call
    call stb1_page0
  File "game/stb1_page0.rpy", line 7, in script
    n "As Deanna came to, she first sensed the rainforest’s song of chirping crickets and chattering cicadas."
  File "/home/tom/ab/renpy-build/tmp/install.linux-x86_64/lib/python3.9/site-packages/future/utils/__init__.py", line 444, in raise_
  File "game/script.rpy", line 26, in script call
    call stb1_page0
  File "game/stb1_page0.rpy", line 7, in script
    n "As Deanna came to, she first sensed the rainforest’s song of chirping crickets and chattering cicadas."
  File "D:\RenPy\renpy-8.1.1-sdk\renpy\ast.py", line 898, in execute
    statement_name(stmt_name)
  File "D:\RenPy\renpy-8.1.1-sdk\renpy\ast.py", line 47, in statement_name
    i(name)
  File "renpy/common/000window.rpy", line 114, in _window_auto_callback
    _window_show(auto=True)
  File "renpy/common/000window.rpy", line 69, in _window_show
    renpy.with_statement(trans)
  File "D:\RenPy\renpy-8.1.1-sdk\renpy\exports.py", line 1757, in with_statement
    return renpy.game.interface.do_with(trans, paired, clear=clear)
  File "D:\RenPy\renpy-8.1.1-sdk\renpy\display\core.py", line 2975, in do_with
    return self.interact(trans_pause=True,
  File "D:\RenPy\renpy-8.1.1-sdk\renpy\display\core.py", line 3579, in interact
    repeat, rv = self.interact_core(preloads=preloads, trans_pause=trans_pause, pause=pause, pause_start=pause_start, pause_modal=pause_modal, **kwargs) # type: ignore
  File "D:\RenPy\renpy-8.1.1-sdk\renpy\display\core.py", line 4172, in interact_core
    self.draw_screen(root_widget, fullscreen_video, (not fullscreen_video) or video_frame_drawn)
  File "D:\RenPy\renpy-8.1.1-sdk\renpy\display\core.py", line 2779, in draw_screen
    surftree = renpy.display.render.render_screen(
  File "render.pyx", line 492, in renpy.display.render.render_screen
  File "render.pyx", line 266, in renpy.display.render.render
  File "D:\RenPy\renpy-8.1.1-sdk\renpy\display\layout.py", line 886, in render
    surf = render(child, width, height, cst, cat)
  File "render.pyx", line 170, in renpy.display.render.render
  File "render.pyx", line 266, in renpy.display.render.render
  File "D:\RenPy\renpy-8.1.1-sdk\renpy\display\transition.py", line 379, in render
    top = render(self.new_widget, width, height, st, at)
  File "render.pyx", line 170, in renpy.display.render.render
  File "render.pyx", line 266, in renpy.display.render.render
  File "D:\RenPy\renpy-8.1.1-sdk\renpy\display\layout.py", line 886, in render
    surf = render(child, width, height, cst, cat)
  File "render.pyx", line 170, in renpy.display.render.render
  File "render.pyx", line 266, in renpy.display.render.render
  File "D:\RenPy\renpy-8.1.1-sdk\renpy\display\layout.py", line 886, in render
    surf = render(child, width, height, cst, cat)
  File "render.pyx", line 170, in renpy.display.render.render
  File "render.pyx", line 266, in renpy.display.render.render
  File "D:\RenPy\renpy-8.1.1-sdk\renpy\display\screen.py", line 731, in render
    child = renpy.display.render.render(self.child, w, h, st, at)
  File "render.pyx", line 170, in renpy.display.render.render
  File "render.pyx", line 266, in renpy.display.render.render
  File "D:\RenPy\renpy-8.1.1-sdk\renpy\display\layout.py", line 886, in render
    surf = render(child, width, height, cst, cat)
  File "render.pyx", line 170, in renpy.display.render.render
  File "render.pyx", line 266, in renpy.display.render.render
  File "D:\RenPy\renpy-8.1.1-sdk\renpy\display\layout.py", line 1371, in render
    back = render(style.background, bw, bh, st, at)
  File "render.pyx", line 170, in renpy.display.render.render
  File "render.pyx", line 266, in renpy.display.render.render
  File "D:\RenPy\renpy-8.1.1-sdk\renpy\display\im.py", line 676, in render
    return cache.get(self, render=True)
  File "D:\RenPy\renpy-8.1.1-sdk\renpy\display\im.py", line 330, in get
    surf = image.load()
  File "D:\RenPy\renpy-8.1.1-sdk\renpy\display\im.py", line 803, in load
    raise e
  File "D:\RenPy\renpy-8.1.1-sdk\renpy\display\im.py", line 757, in load
    filelike = renpy.loader.load(self.filename, directory="images")
  File "D:\RenPy\renpy-8.1.1-sdk\renpy\loader.py", line 833, in load
    raise IOError("Couldn't find file '%s'." % name)
OSError: Couldn't find file 'images/vines_textbox_no_bg.png'.

While loading <renpy.display.im.Image object ('images/vines_textbox_no_bg.png') at 0x0000000004689340>:
  File "game/script.rpy", line 26, in script call
    call stb1_page0
  File "game/stb1_page0.rpy", line 7, in script
    n "As Deanna came to, she first sensed the rainforest’s song of chirping crickets and chattering cicadas."
  File "game/script.rpy", line 26, in script call
    call stb1_page0
  File "game/stb1_page0.rpy", line 7, in script
    n "As Deanna came to, she first sensed the rainforest’s song of chirping crickets and chattering cicadas."
  File "renpy/common/000window.rpy", line 114, in _window_auto_callback
    _window_show(auto=True)
  File "renpy/common/000window.rpy", line 69, in _window_show
    renpy.with_statement(trans)
OSError: Couldn't find file 'images/vines_textbox_no_bg.png'.
